---
source: tui/src/chatwidget/tests/exec_flow.rs
expression: "chat.transcript.active_cell.as_ref().unwrap().compact_hyperlink_lines(24).iter().map(|line|\nline.line.to_string()).collect::<Vec<_>>().join(\"\\n\")"
---
● Read project/first…  ✓
● Read projec…  ✗ exit 1
● Read project/later…  ✓
● Search absent…  exit 1
● Search text…  ✗ exit 2
● Run Read proj…  exit 1
